../Middlewares/ST/STM32_TouchSensing_Library/src/tsl_linrot.c:390:6:TSL_linrot_Init	8	static
../Middlewares/ST/STM32_TouchSensing_Library/src/tsl_linrot.c:425:6:TSL_linrot_Process	16	static
../Middlewares/ST/STM32_TouchSensing_Library/src/tsl_linrot.c:484:19:TSL_linrot_CalcPos	32	static
../Middlewares/ST/STM32_TouchSensing_Library/src/tsl_linrot.c:792:6:TSL_linrot_SetStateCalibration	16	static
../Middlewares/ST/STM32_TouchSensing_Library/src/tsl_linrot.c:824:6:TSL_linrot_SetStateOff	8	static
../Middlewares/ST/STM32_TouchSensing_Library/src/tsl_linrot.c:837:6:TSL_linrot_SetStateBurstOnly	8	static
../Middlewares/ST/STM32_TouchSensing_Library/src/tsl_linrot.c:850:20:TSL_linrot_GetStateId	4	static
../Middlewares/ST/STM32_TouchSensing_Library/src/tsl_linrot.c:861:22:TSL_linrot_GetStateMask	16	static
../Middlewares/ST/STM32_TouchSensing_Library/src/tsl_linrot.c:890:11:TSL_linrot_IsChanged	4	static
../Middlewares/ST/STM32_TouchSensing_Library/src/tsl_linrot.c:906:6:TSL_linrot_DebReleaseProxStateProcess	8	static
../Middlewares/ST/STM32_TouchSensing_Library/src/tsl_linrot.c:937:6:TSL_linrot_DebReleaseDetectStateProcess	8	static
../Middlewares/ST/STM32_TouchSensing_Library/src/tsl_linrot.c:975:6:TSL_linrot_DebReleaseTouchStateProcess	8	static
../Middlewares/ST/STM32_TouchSensing_Library/src/tsl_linrot.c:1012:6:TSL_linrot_ReleaseStateProcess	8	static
../Middlewares/ST/STM32_TouchSensing_Library/src/tsl_linrot.c:1082:6:TSL_linrot_DebCalibrationStateProcess	8	static
../Middlewares/ST/STM32_TouchSensing_Library/src/tsl_linrot.c:1112:6:TSL_linrot_CalibrationStateProcess	24	static
../Middlewares/ST/STM32_TouchSensing_Library/src/tsl_linrot.c:1210:6:TSL_linrot_DebProxStateProcess	8	static
../Middlewares/ST/STM32_TouchSensing_Library/src/tsl_linrot.c:1258:6:TSL_linrot_DebProxDetectStateProcess	8	static
../Middlewares/ST/STM32_TouchSensing_Library/src/tsl_linrot.c:1305:6:TSL_linrot_DebProxTouchStateProcess	8	static
../Middlewares/ST/STM32_TouchSensing_Library/src/tsl_linrot.c:1352:6:TSL_linrot_ProxStateProcess	8	static
../Middlewares/ST/STM32_TouchSensing_Library/src/tsl_linrot.c:1427:6:TSL_linrot_DebDetectStateProcess	8	static
../Middlewares/ST/STM32_TouchSensing_Library/src/tsl_linrot.c:1478:6:TSL_linrot_DetectStateProcess	8	static
../Middlewares/ST/STM32_TouchSensing_Library/src/tsl_linrot.c:1585:6:TSL_linrot_TouchStateProcess	8	static
../Middlewares/ST/STM32_TouchSensing_Library/src/tsl_linrot.c:1691:6:TSL_linrot_DebErrorStateProcess	16	static
../Middlewares/ST/STM32_TouchSensing_Library/src/tsl_linrot.c:1741:6:TSL_linrot_DTOGetTime	8	static
../Middlewares/ST/STM32_TouchSensing_Library/src/tsl_linrot.c:1754:6:TSL_linrot_ProcessCh_All_SetStatus	24	static
../Middlewares/ST/STM32_TouchSensing_Library/src/tsl_linrot.c:1772:19:TSL_linrot_ProcessCh_One_DataReady	24	static
../Middlewares/ST/STM32_TouchSensing_Library/src/tsl_linrot.c:1796:19:TSL_linrot_ProcessCh_All_AcqStatus	24	static
../Middlewares/ST/STM32_TouchSensing_Library/src/tsl_linrot.c:1818:19:TSL_linrot_ProcessCh_One_AcqStatusError	16	static
../Middlewares/ST/STM32_TouchSensing_Library/src/tsl_linrot.c:1841:19:TSL_linrot_ProcessCh_One_DeltaBelowEquMinus	32	static
../Middlewares/ST/STM32_TouchSensing_Library/src/tsl_linrot.c:1891:19:TSL_linrot_ProcessCh_One_DeltaAboveEqu	32	static
../Middlewares/ST/STM32_TouchSensing_Library/src/tsl_linrot.c:1946:19:TSL_linrot_ProcessCh_One_DeltaAbove	32	static
../Middlewares/ST/STM32_TouchSensing_Library/src/tsl_linrot.c:2001:19:TSL_linrot_ProcessCh_All_DeltaBelowEqu	32	static
../Middlewares/ST/STM32_TouchSensing_Library/src/tsl_linrot.c:2055:6:TSL_linrot_ProcessCh_All_ClearRef	16	static
../Middlewares/ST/STM32_TouchSensing_Library/src/tsl_linrot.c:2074:14:TSL_linrot_NormDelta	24	static
