../Core/Src/app_freertos.c:146:6:HAL_ADC_ConvCpltCallback	16	static
../Core/Src/app_freertos.c:152:6:HAL_ADC_ErrorCallback	16	static
../Core/Src/app_freertos.c:158:6:HAL_DAC_ConvCpltCallbackCh1	16	static
../Core/Src/app_freertos.c:164:6:HAL_DAC_ErrorCallbackCh1	16	static
../Core/Src/app_freertos.c:178:6:LEDTurnOff	16	static
../Core/Src/app_freertos.c:183:6:LEDTurnOn	16	static
../Core/Src/app_freertos.c:188:6:LEDToggle	16	static
../Core/Src/app_freertos.c:191:6:LEDClear	16	static
../Core/Src/app_freertos.c:196:15:JoystickReadButton	16	static
../Core/Src/app_freertos.c:201:19:AudioOutOneShot	32	static
../Core/Src/app_freertos.c:286:19:AudioInOneShot	40	static
../Core/Src/app_freertos.c:360:6:MX_FREERTOS_Init	8	static
../Core/Src/app_freertos.c:396:6:JoystickUpTask	16	static
../Core/Src/app_freertos.c:425:6:JoystickDoTask	16	static
../Core/Src/app_freertos.c:453:6:JoystickRiTask	16	static
../Core/Src/app_freertos.c:482:6:JoystickLeTask	16	static
../Core/Src/app_freertos.c:511:6:AudioTask	24	static
../Core/Src/app_freertos.c:557:6:TocandoTarea	24	static
